Microchip MPLAB XC8 Compiler V1.45 ()

Linker command line:

-W-3 --edf=C:\Program Files (x86)\Microchip\xc8\v1.45\dat\en_msgs.txt -cs \
  -h+dist/default/production\ContinuityChecker_16f18313.X.production.sym \
  --cmf=dist/default/production\ContinuityChecker_16f18313.X.production.cmf \
  -z -Q16F18313 -oC:\Users\kane4d\AppData\Local\Temp\s21k.2 \
  -Mdist/default/production/ContinuityChecker_16f18313.X.production.map -E1 \
  -ver=XC8 -ASTACK=02014h-020efh -pstack=STACK -ACODE=00h-07FFh \
  -ASTRCODE=00h-07FFh -ASTRING=00h-0FFhx8 -ACONST=00h-0FFhx8 \
  -AENTRY=00h-0FFhx8 -ACOMMON=070h-07Fh -ABANK0=020h-06Fh -ABANK1=0A0h-0EFh \
  -ABANK2=0120h-016Fh -ABIGRAM=02000h-020EFh \
  -ARAM=020h-06Fh,0A0h-0EFh,0120h-016Fh \
  -AABS1=020h-07Fh,0A0h-0EFh,0120h-016Fh -ASFR0=00h-01Fh -ASFR1=080h-09Fh \
  -ASFR2=0100h-011Fh -ASFR3=0180h-01EFh -ASFR4=0200h-026Fh \
  -ASFR5=0280h-02EFh -ASFR6=0300h-036Fh -ASFR7=0380h-03EFh \
  -ASFR8=0400h-046Fh -ASFR9=0480h-04EFh -ASFR10=0500h-056Fh \
  -ASFR11=0580h-05EFh -ASFR12=0600h-066Fh -ASFR13=0680h-06EFh \
  -ASFR14=0700h-076Fh -ASFR15=0780h-07EFh -ASFR16=0800h-086Fh \
  -ASFR17=0880h-08EFh -ASFR18=0900h-096Fh -ASFR19=0980h-09EFh \
  -ASFR20=0A00h-0A6Fh -ASFR21=0A80h-0AEFh -ASFR22=0B00h-0B6Fh \
  -ASFR23=0B80h-0BEFh -ASFR24=0C00h-0C6Fh -ASFR25=0C80h-0CEFh \
  -ASFR26=0D00h-0D6Fh -ASFR27=0D80h-0DEFh -ASFR28=0E00h-0E6Fh \
  -ASFR29=0E80h-0EEFh -ASFR30=0F00h-0F6Fh -ASFR31=0F80h-0FEFh \
  -preset_vec=00h,intentry=04h,init,end_init -ppowerup=CODE -pcinit=CODE \
  -pfunctab=ENTRY -ACONFIG=08007h-0800Ah -pconfig=CONFIG -DCONFIG=2 \
  -AIDLOC=08000h-08003h -pidloc=IDLOC -DIDLOC=2 -AEEDATA=00h-0FFh/0F000h \
  -peeprom_data=EEDATA -DEEDATA=2 -DCODE=2 -DSTRCODE=2 -DSTRING=2 -DCONST=2 \
  -DENTRY=2 -k C:\Users\kane4d\AppData\Local\Temp\s21k.obj \
  dist/default/production\ContinuityChecker_16f18313.X.production.obj 

Object code version is 3.11

Machine type is 16F18313



                Name                               Link     Load   Length Selector   Space Scale
C:\Users\kane4d\AppData\Local\Temp\s21k.obj
                end_init                             1F       1F        1        8       0
                reset_vec                             0        0        1        0       0
                config                             8007     8007        4    1000E       0
dist/default/production\ContinuityChecker_16f18313.X.production.obj
                cinit                                20       20        A        8       0
                intentry                              4        4       1B        8       0
                text28                              37C      37C        3      6A0       0
                text27                              37F      37F        1      6A0       0
                text26                              311      311        C      5F0       0
                text25                              365      365        5      6A0       0
                text23                              2B0      2B0       16      560       0
                text22                              372      372        4      6A0       0
                text21                              360      360        5      6A0       0
                text20                              350      350        6      6A0       0
                text19                              331      331        9      5F0       0
                text18                              305      305        C      5F0       0
                text17                              35B      35B        5      6A0       0
                text16                              342      342        8      5F0       0
                text15                              36E      36E        4      6A0       0
                text14                              2F8      2F8        D      5F0       0
                text13                              328      328        9      5F0       0
                text12                              356      356        5      6A0       0
                text11                              22C      22C       1E      41A       0
                text10                              33A      33A        8      5F0       0
                text9                               36A      36A        4      6A0       0
                text8                               31D      31D        B      5F0       0
                text7                               265      265       1B      4CA       0
                text6                               379      379        3      6A0       0
                text5                               376      376        3      6A0       0
                text4                               2D8      2D8       11      5B0       0
                text3                                FD       FD       A9        8       0
                text2                               1A6      1A6       40        8       0
                text1                               20D      20D       1F      41A       0
                swtext1                             34A      34A        6      694       0
                maintext                             2A       2A       D3        8       0
                cstackBANK0                          20       20        E       20       1
                cstackCOMMON                         70       70        A       70       1
                bssBANK0                             2E       2E        6       20       1
                nvCOMMON                             7A       7A        2       70       1
                stringtext6                         2E9      2E9        F      5D2       0
                stringtext5                         2C6      2C6       12      58C       0
                stringtext4                         24A      24A       1B      494       0
                stringtext3                         298      298       18      500       0
                stringtext2                         280      280       18      500       0
                stringtext1                         1E6      1E6       27      3CC       0

TOTAL           Name                               Link     Load   Length     Space
        CLASS   STACK          

        CLASS   CODE           
                end_init                             1F       1F        1         0
                cinit                                20       20        A         0
                intentry                              4        4       1B         0
                reset_vec                             0        0        1         0
                text28                              37C      37C        3         0
                text27                              37F      37F        1         0
                text26                              311      311        C         0
                text25                              365      365        5         0
                text23                              2B0      2B0       16         0
                text22                              372      372        4         0
                text21                              360      360        5         0
                text20                              350      350        6         0
                text19                              331      331        9         0
                text18                              305      305        C         0
                text17                              35B      35B        5         0
                text16                              342      342        8         0
                text15                              36E      36E        4         0
                text14                              2F8      2F8        D         0
                text13                              328      328        9         0
                text12                              356      356        5         0
                text11                              22C      22C       1E         0
                text10                              33A      33A        8         0
                text9                               36A      36A        4         0
                text8                               31D      31D        B         0
                text7                               265      265       1B         0
                text6                               379      379        3         0
                text5                               376      376        3         0
                text4                               2D8      2D8       11         0
                text3                                FD       FD       A9         0
                text2                               1A6      1A6       40         0
                text1                               20D      20D       1F         0
                maintext                             2A       2A       D3         0

        CLASS   STRCODE        
                stringtext6                         2E9      2E9        F         0
                stringtext5                         2C6      2C6       12         0
                stringtext4                         24A      24A       1B         0
                stringtext3                         298      298       18         0
                stringtext2                         280      280       18         0
                stringtext1                         1E6      1E6       27         0

        CLASS   STRING         

        CLASS   CONST          
                swtext1                             34A      34A        6         0

        CLASS   ENTRY          

        CLASS   COMMON         
                cstackCOMMON                         70       70        A         1
                nvCOMMON                             7A       7A        2         1

        CLASS   BANK0          
                cstackBANK0                          20       20        E         1
                bssBANK0                             2E       2E        6         1

        CLASS   BANK1          

        CLASS   BANK2          

        CLASS   BIGRAM         

        CLASS   RAM            

        CLASS   ABS1           
                abs_s1                               7E       7E        2         1

        CLASS   SFR0           

        CLASS   SFR1           

        CLASS   SFR2           

        CLASS   SFR3           

        CLASS   SFR4           

        CLASS   SFR5           

        CLASS   SFR6           

        CLASS   SFR7           

        CLASS   SFR8           

        CLASS   SFR9           

        CLASS   SFR10          

        CLASS   SFR11          

        CLASS   SFR12          

        CLASS   SFR13          

        CLASS   SFR14          

        CLASS   SFR15          

        CLASS   SFR16          

        CLASS   SFR17          

        CLASS   SFR18          

        CLASS   SFR19          

        CLASS   SFR20          

        CLASS   SFR21          

        CLASS   SFR22          

        CLASS   SFR23          

        CLASS   SFR24          

        CLASS   SFR25          

        CLASS   SFR26          

        CLASS   SFR27          

        CLASS   SFR28          

        CLASS   SFR29          

        CLASS   SFR30          

        CLASS   SFR31          

        CLASS   CONFIG         
                config                             8007     8007        4         0

        CLASS   IDLOC          

        CLASS   EEDATA         

        CLASS   BANK31         

        CLASS   BANK30         

        CLASS   BANK29         

        CLASS   BANK28         

        CLASS   BANK27         

        CLASS   BANK26         

        CLASS   BANK25         

        CLASS   BANK24         

        CLASS   BANK23         

        CLASS   BANK22         

        CLASS   BANK21         

        CLASS   BANK20         

        CLASS   BANK19         

        CLASS   BANK18         

        CLASS   BANK17         

        CLASS   BANK16         

        CLASS   BANK15         

        CLASS   BANK14         

        CLASS   BANK13         

        CLASS   BANK12         

        CLASS   BANK11         

        CLASS   BANK10         

        CLASS   BANK9          

        CLASS   BANK8          

        CLASS   BANK7          

        CLASS   BANK6          

        CLASS   BANK5          

        CLASS   BANK4          

        CLASS   BANK3          



SEGMENTS        Name                           Load    Length   Top    Selector   Space  Class     Delta

                reset_vec                      000000  000001  000001         0       0  CODE        2
                intentry                       000004  0001E2  0001E6         8       0  CODE        2
                cstackBANK0                    000020  000014  000034        20       1  BANK0       1
                cstackCOMMON                   000070  00000C  00007C        70       1  COMMON      1
                stringtext1                    0001E6  000027  00020D       3CC       0  STRCODE     2
                text1                          00020D  00003D  00024A       41A       0  CODE        2
                stringtext4                    00024A  00001B  000265       494       0  STRCODE     2
                text7                          000265  00001B  000280       4CA       0  CODE        2
                stringtext2                    000280  000030  0002B0       500       0  STRCODE     2
                text23                         0002B0  000016  0002C6       560       0  CODE        2
                stringtext5                    0002C6  000012  0002D8       58C       0  STRCODE     2
                text4                          0002D8  000011  0002E9       5B0       0  CODE        2
                stringtext6                    0002E9  00000F  0002F8       5D2       0  STRCODE     2
                text14                         0002F8  000052  00034A       5F0       0  CODE        2
                swtext1                        00034A  000006  000350       694       0  CONST       2
                text20                         000350  000030  000380       6A0       0  CODE        2
                config                         008007  000004  00800B     1000E       0  CONFIG      2


UNUSED ADDRESS RANGES

        Name                Unused          Largest block    Delta
        BANK0            00034-0006F              3C           1
        BANK1            000A0-000EF              50           1
        BANK2            00120-0016F              50           1
        BIGRAM           02000-020EF              F0           1
        CODE             00001-00003               3           2
                         00380-007FF             480
        COMMON           0007C-0007D               2           1
        CONST            00001-00003               3           2
                         00380-007FF             100
        EEDATA           0F000-0F0FF             100           2
        ENTRY            00001-00003               3           2
                         00380-007FF             100
        IDLOC            08000-08003               4           2
        RAM              00034-0006F              3C           1
                         000A0-000EF              50
                         00120-0016F              50
        SFR0             00000-0001F              20           1
        SFR1             00080-0009F              20           1
        SFR10            00500-0056F              70           1
        SFR11            00580-005EF              70           1
        SFR12            00600-0066F              70           1
        SFR13            00680-006EF              70           1
        SFR14            00700-0076F              70           1
        SFR15            00780-007EF              70           1
        SFR16            00800-0086F              70           1
        SFR17            00880-008EF              70           1
        SFR18            00900-0096F              70           1
        SFR19            00980-009EF              70           1
        SFR2             00100-0011F              20           1
        SFR20            00A00-00A6F              70           1
        SFR21            00A80-00AEF              70           1
        SFR22            00B00-00B6F              70           1
        SFR23            00B80-00BEF              70           1
        SFR24            00C00-00C6F              70           1
        SFR25            00C80-00CEF              70           1
        SFR26            00D00-00D6F              70           1
        SFR27            00D80-00DEF              70           1
        SFR28            00E00-00E6F              70           1
        SFR29            00E80-00EEF              70           1
        SFR3             00180-001EF              70           1
        SFR30            00F00-00F6F              70           1
        SFR31            00F80-00FEF              70           1
        SFR4             00200-0026F              70           1
        SFR5             00280-002EF              70           1
        SFR6             00300-0036F              70           1
        SFR7             00380-003EF              70           1
        SFR8             00400-0046F              70           1
        SFR9             00480-004EF              70           1
        STACK            02014-020EF              DC           1
        STRCODE          00001-00003               3           2
                         00380-007FF             480
        STRING           00001-00003               3           2
                         00380-007FF             100

                                  Symbol Table

?_ADC_GetConversion                         cstackCOMMON 00071
?___wmul                                    cstackCOMMON 00071
ADC_GetConversion@channel                   cstackCOMMON 00074
DAC1_SetOutput@inputData                    cstackCOMMON 00071
IOCAF3_SetInterruptHandler@InterruptHandler cstackCOMMON 00071
_ADACT                                      (abs)        0009F
_ADCON0                                     (abs)        0009D
_ADCON0bits                                 (abs)        0009D
_ADCON1                                     (abs)        0009E
_ADC_GetConversion                          text23       002B0
_ADC_Initialize                             text19       00331
_ADRESH                                     (abs)        0009C
_ADRESL                                     (abs)        0009B
_ANSELA                                     (abs)        0018C
_CM1CON0                                    (abs)        00111
_CM1CON1                                    (abs)        00112
_CMOUTbits                                  (abs)        00115
_CMP1_GetOutputStatus                       text22       00372
_CMP1_ISR                                   text28       0037C
_CMP1_Initialize                            text18       00305
_DAC1_Initialize                            text17       0035B
_DAC1_SetOutput                             text21       00360
_DACCON0                                    (abs)        00118
_DACCON1                                    (abs)        00119
_DSM_Initialize                             text16       00342
_DSM_ManualModulationClear                  text6        00379
_DSM_ManualModulationSet                    text5        00376
_FVRCON                                     (abs)        00117
_FVRCONbits                                 (abs)        00117
_FVR_Initialize                             text15       0036E
_FVR_IsOutputReady                          text20       00350
_INTCONbits                                 (abs)        0000B
_INTERRUPT_InterruptManager                 intentry     00004
_IOCAF3_DefaultInterruptHandler             text27       0037F
_IOCAF3_ISR                                 text26       00311
_IOCAF3_InterruptHandler                    nvCOMMON     0007A
_IOCAF3_SetInterruptHandler                 text12       00356
_IOCAFbits                                  (abs)        00393
_IOCANbits                                  (abs)        00392
_IOCAPbits                                  (abs)        00391
_LATA                                       (abs)        0010C
_LATAbits                                   (abs)        0010C
_MDCARH                                     (abs)        0039E
_MDCARL                                     (abs)        0039F
_MDCONbits                                  (abs)        0039C
_MDSRC                                      (abs)        0039D
_NCO1ACCH                                   (abs)        00499
_NCO1ACCL                                   (abs)        00498
_NCO1ACCU                                   (abs)        0049A
_NCO1CLK                                    (abs)        0049F
_NCO1CON                                    (abs)        0049E
_NCO1CONbits                                (abs)        0049E
_NCO1INCH                                   (abs)        0049C
_NCO1INCL                                   (abs)        0049B
_NCO1INCU                                   (abs)        0049D
_NCO1_Initialize                            text14       002F8
_NVMADRH                                    (abs)        00892
_NVMADRL                                    (abs)        00891
_NVMCON1bits                                (abs)        00895
_NVMCON2                                    (abs)        00896
_NVMDATH                                    (abs)        00894
_NVMDATL                                    (abs)        00893
_ODCONA                                     (abs)        0028C
_ODCONAbits                                 (abs)        0028C
_OSCCON1                                    (abs)        00919
_OSCCON3                                    (abs)        0091B
_OSCEN                                      (abs)        0091D
_OSCFRQ                                     (abs)        0091F
_OSCILLATOR_Initialize                      text13       00328
_OSCTUNE                                    (abs)        0091E
_PIE0bits                                   (abs)        00090
_PIE2bits                                   (abs)        00092
_PIN_MANAGER_IOC                            text25       00365
_PIN_MANAGER_Initialize                     text11       0022C
_PIR0bits                                   (abs)        00010
_PIR2bits                                   (abs)        00012
_PMD0                                       (abs)        00911
_PMD0bits                                   (abs)        00911
_PMD1                                       (abs)        00912
_PMD1bits                                   (abs)        00912
_PMD2                                       (abs)        00913
_PMD2bits                                   (abs)        00913
_PMD3                                       (abs)        00914
_PMD3bits                                   (abs)        00914
_PMD4                                       (abs)        00915
_PMD4bits                                   (abs)        00915
_PMD5                                       (abs)        00916
_PMD5bits                                   (abs)        00916
_PMD_Initialize                             text10       0033A
_RA2PPSbits                                 (abs)        00E92
_SYSTEM_Initialize                          text8        0031D
_TRISA                                      (abs)        0008C
_VREGCONbits                                (abs)        00197
_WDTCON                                     (abs)        00097
_WDT_Initialize                             text9        0036A
_WPUA                                       (abs)        0020C
__CFG_BOREN$OFF                             (abs)        00000
__CFG_BORV$LOW                              (abs)        00000
__CFG_CLKOUTEN$OFF                          (abs)        00000
__CFG_CP$OFF                                (abs)        00000
__CFG_CPD$OFF                               (abs)        00000
__CFG_CSWEN$ON                              (abs)        00000
__CFG_DEBUG$OFF                             (abs)        00000
__CFG_FCMEN$ON                              (abs)        00000
__CFG_FEXTOSC$OFF                           (abs)        00000
__CFG_LPBOREN$OFF                           (abs)        00000
__CFG_LVP$OFF                               (abs)        00000
__CFG_MCLRE$OFF                             (abs)        00000
__CFG_PPS1WAY$ON                            (abs)        00000
__CFG_PWRTE$OFF                             (abs)        00000
__CFG_RSTOSC$HFINT1                         (abs)        00000
__CFG_STVREN$ON                             (abs)        00000
__CFG_WDTE$SLEEP                            (abs)        00000
__CFG_WRT$OFF                               (abs)        00000
__Habs1                                     abs1         00000
__Hbank0                                    bank0        00000
__Hbank1                                    bank1        00000
__Hbank10                                   bank10       00000
__Hbank11                                   bank11       00000
__Hbank12                                   bank12       00000
__Hbank13                                   bank13       00000
__Hbank14                                   bank14       00000
__Hbank15                                   bank15       00000
__Hbank16                                   bank16       00000
__Hbank17                                   bank17       00000
__Hbank18                                   bank18       00000
__Hbank19                                   bank19       00000
__Hbank2                                    bank2        00000
__Hbank20                                   bank20       00000
__Hbank21                                   bank21       00000
__Hbank22                                   bank22       00000
__Hbank23                                   bank23       00000
__Hbank24                                   bank24       00000
__Hbank25                                   bank25       00000
__Hbank26                                   bank26       00000
__Hbank27                                   bank27       00000
__Hbank28                                   bank28       00000
__Hbank29                                   bank29       00000
__Hbank3                                    bank3        00000
__Hbank30                                   bank30       00000
__Hbank31                                   bank31       00000
__Hbank4                                    bank4        00000
__Hbank5                                    bank5        00000
__Hbank6                                    bank6        00000
__Hbank7                                    bank7        00000
__Hbank8                                    bank8        00000
__Hbank9                                    bank9        00000
__Hbigram                                   bigram       00000
__HbssBANK0                                 bssBANK0     00000
__Hcinit                                    cinit        0002A
__Hclrtext                                  clrtext      00000
__Hcode                                     code         00000
__Hcommon                                   common       00000
__Hconfig                                   config       0800B
__HcstackBANK0                              cstackBANK0  00000
__HcstackCOMMON                             cstackCOMMON 00000
__Heeprom_data                              eeprom_data  00000
__Hend_init                                 end_init     00020
__Hfunctab                                  functab      00000
__Hidloc                                    idloc        00000
__Hinit                                     init         0001F
__Hintentry                                 intentry     0001F
__Hmaintext                                 maintext     00000
__HnvCOMMON                                 nvCOMMON     00000
__Hpowerup                                  powerup      00000
__Hram                                      ram          00000
__Hreset_vec                                reset_vec    00001
__Hsfr0                                     sfr0         00000
__Hsfr1                                     sfr1         00000
__Hsfr10                                    sfr10        00000
__Hsfr11                                    sfr11        00000
__Hsfr12                                    sfr12        00000
__Hsfr13                                    sfr13        00000
__Hsfr14                                    sfr14        00000
__Hsfr15                                    sfr15        00000
__Hsfr16                                    sfr16        00000
__Hsfr17                                    sfr17        00000
__Hsfr18                                    sfr18        00000
__Hsfr19                                    sfr19        00000
__Hsfr2                                     sfr2         00000
__Hsfr20                                    sfr20        00000
__Hsfr21                                    sfr21        00000
__Hsfr22                                    sfr22        00000
__Hsfr23                                    sfr23        00000
__Hsfr24                                    sfr24        00000
__Hsfr25                                    sfr25        00000
__Hsfr26                                    sfr26        00000
__Hsfr27                                    sfr27        00000
__Hsfr28                                    sfr28        00000
__Hsfr29                                    sfr29        00000
__Hsfr3                                     sfr3         00000
__Hsfr30                                    sfr30        00000
__Hsfr31                                    sfr31        00000
__Hsfr4                                     sfr4         00000
__Hsfr5                                     sfr5         00000
__Hsfr6                                     sfr6         00000
__Hsfr7                                     sfr7         00000
__Hsfr8                                     sfr8         00000
__Hsfr9                                     sfr9         00000
__Hspace_0                                  (abs)        0800B
__Hspace_1                                  (abs)        0007C
__Hspace_2                                  (abs)        00000
__Hspace_3                                  (abs)        00000
__Hstack                                    stack        00000
__Hstrings                                  strings      00000
__Hstringtext1                              stringtext1  00000
__Hstringtext2                              stringtext2  00000
__Hstringtext3                              stringtext3  00000
__Hstringtext4                              stringtext4  00000
__Hstringtext5                              stringtext5  00000
__Hstringtext6                              stringtext6  00000
__Htext                                     text         00000
__Labs1                                     abs1         00000
__Lbank0                                    bank0        00000
__Lbank1                                    bank1        00000
__Lbank10                                   bank10       00000
__Lbank11                                   bank11       00000
__Lbank12                                   bank12       00000
__Lbank13                                   bank13       00000
__Lbank14                                   bank14       00000
__Lbank15                                   bank15       00000
__Lbank16                                   bank16       00000
__Lbank17                                   bank17       00000
__Lbank18                                   bank18       00000
__Lbank19                                   bank19       00000
__Lbank2                                    bank2        00000
__Lbank20                                   bank20       00000
__Lbank21                                   bank21       00000
__Lbank22                                   bank22       00000
__Lbank23                                   bank23       00000
__Lbank24                                   bank24       00000
__Lbank25                                   bank25       00000
__Lbank26                                   bank26       00000
__Lbank27                                   bank27       00000
__Lbank28                                   bank28       00000
__Lbank29                                   bank29       00000
__Lbank3                                    bank3        00000
__Lbank30                                   bank30       00000
__Lbank31                                   bank31       00000
__Lbank4                                    bank4        00000
__Lbank5                                    bank5        00000
__Lbank6                                    bank6        00000
__Lbank7                                    bank7        00000
__Lbank8                                    bank8        00000
__Lbank9                                    bank9        00000
__Lbigram                                   bigram       00000
__LbssBANK0                                 bssBANK0     00000
__Lcinit                                    cinit        00020
__Lclrtext                                  clrtext      00000
__Lcode                                     code         00000
__Lcommon                                   common       00000
__Lconfig                                   config       08007
__LcstackBANK0                              cstackBANK0  00000
__LcstackCOMMON                             cstackCOMMON 00000
__Leeprom_data                              eeprom_data  00000
__Lend_init                                 end_init     0001F
__Lfunctab                                  functab      00000
__Lidloc                                    idloc        00000
__Linit                                     init         0001F
__Lintentry                                 intentry     00004
__Lmaintext                                 maintext     00000
__LnvCOMMON                                 nvCOMMON     00000
__Lpowerup                                  powerup      00000
__Lram                                      ram          00000
__Lreset_vec                                reset_vec    00000
__Lsfr0                                     sfr0         00000
__Lsfr1                                     sfr1         00000
__Lsfr10                                    sfr10        00000
__Lsfr11                                    sfr11        00000
__Lsfr12                                    sfr12        00000
__Lsfr13                                    sfr13        00000
__Lsfr14                                    sfr14        00000
__Lsfr15                                    sfr15        00000
__Lsfr16                                    sfr16        00000
__Lsfr17                                    sfr17        00000
__Lsfr18                                    sfr18        00000
__Lsfr19                                    sfr19        00000
__Lsfr2                                     sfr2         00000
__Lsfr20                                    sfr20        00000
__Lsfr21                                    sfr21        00000
__Lsfr22                                    sfr22        00000
__Lsfr23                                    sfr23        00000
__Lsfr24                                    sfr24        00000
__Lsfr25                                    sfr25        00000
__Lsfr26                                    sfr26        00000
__Lsfr27                                    sfr27        00000
__Lsfr28                                    sfr28        00000
__Lsfr29                                    sfr29        00000
__Lsfr3                                     sfr3         00000
__Lsfr30                                    sfr30        00000
__Lsfr31                                    sfr31        00000
__Lsfr4                                     sfr4         00000
__Lsfr5                                     sfr5         00000
__Lsfr6                                     sfr6         00000
__Lsfr7                                     sfr7         00000
__Lsfr8                                     sfr8         00000
__Lsfr9                                     sfr9         00000
__Lspace_0                                  (abs)        00000
__Lspace_1                                  (abs)        00000
__Lspace_2                                  (abs)        00000
__Lspace_3                                  (abs)        00000
__Lstack                                    stack        00000
__Lstrings                                  strings      00000
__Lstringtext1                              stringtext1  00000
__Lstringtext2                              stringtext2  00000
__Lstringtext3                              stringtext3  00000
__Lstringtext4                              stringtext4  00000
__Lstringtext5                              stringtext5  00000
__Lstringtext6                              stringtext6  00000
__Ltext                                     text         00000
__S0                                        (abs)        0800B
__S1                                        (abs)        0007C
__S2                                        (abs)        00000
__S3                                        (abs)        00000
___int_sp                                   stack        00000
___latbits                                  (abs)        00000
___sp                                       stack        00000
___wmul                                     text7        00265
___wmul@multiplicand                        cstackCOMMON 00073
___wmul@multiplier                          cstackCOMMON 00071
___wmul@product                             cstackCOMMON 00075
__end_of_ADC_GetConversion                  text23       002C6
__end_of_ADC_Initialize                     text19       0033A
__end_of_CMP1_GetOutputStatus               text22       00376
__end_of_CMP1_ISR                           text28       0037F
__end_of_CMP1_Initialize                    text18       00311
__end_of_DAC1_Initialize                    text17       00360
__end_of_DAC1_SetOutput                     text21       00365
__end_of_DSM_Initialize                     text16       0034A
__end_of_DSM_ManualModulationClear          text6        0037C
__end_of_DSM_ManualModulationSet            text5        00379
__end_of_FVR_Initialize                     text15       00372
__end_of_FVR_IsOutputReady                  text20       00356
__end_of_INTERRUPT_InterruptManager         intentry     0001F
__end_of_IOCAF3_DefaultInterruptHandler     text27       00380
__end_of_IOCAF3_ISR                         text26       0031D
__end_of_IOCAF3_SetInterruptHandler         text12       0035B
__end_of_NCO1_Initialize                    text14       00305
__end_of_OSCILLATOR_Initialize              text13       00331
__end_of_PIN_MANAGER_IOC                    text25       0036A
__end_of_PIN_MANAGER_Initialize             text11       0024A
__end_of_PMD_Initialize                     text10       00342
__end_of_SYSTEM_Initialize                  text8        00328
__end_of_WDT_Initialize                     text9        0036E
__end_of___wmul                             text7        00280
__end_of__initialization                    cinit        00027
__end_of_main                               maintext     000FD
__end_of_melodyData_charumera               stringtext1  0020D
__end_of_melodyData_halt                    stringtext6  002F8
__end_of_melodyData_lowBatt                 stringtext4  00265
__end_of_melodyData_sleep                   stringtext5  002D8
__end_of_melodyData_test                    stringtext3  002B0
__end_of_playMelody                         text2        001E6
__end_of_playMelody_pc98_pipo               text1        0022C
__end_of_toneOn                             text3        001A6
__end_of_wait_note                          text4        002E9
__end_oftoneOn@scale_param16                stringtext2  00298
__initialization                            cinit        00020
__pbssBANK0                                 bssBANK0     0002E
__pcstackBANK0                              cstackBANK0  00020
__pcstackCOMMON                             cstackCOMMON 00070
__pintentry                                 intentry     00004
__pmaintext                                 maintext     0002A
__pnvCOMMON                                 nvCOMMON     0007A
__pstringtext1                              stringtext1  001E6
__pstringtext2                              stringtext2  00280
__pstringtext3                              stringtext3  00298
__pstringtext4                              stringtext4  0024A
__pstringtext5                              stringtext5  002C6
__pstringtext6                              stringtext6  002E9
__pswtext1                                  swtext1      0034A
__ptext1                                    text1        0020D
__ptext10                                   text10       0033A
__ptext11                                   text11       0022C
__ptext12                                   text12       00356
__ptext13                                   text13       00328
__ptext14                                   text14       002F8
__ptext15                                   text15       0036E
__ptext16                                   text16       00342
__ptext17                                   text17       0035B
__ptext18                                   text18       00305
__ptext19                                   text19       00331
__ptext2                                    text2        001A6
__ptext20                                   text20       00350
__ptext21                                   text21       00360
__ptext22                                   text22       00372
__ptext23                                   text23       002B0
__ptext25                                   text25       00365
__ptext26                                   text26       00311
__ptext27                                   text27       0037F
__ptext28                                   text28       0037C
__ptext3                                    text3        000FD
__ptext4                                    text4        002D8
__ptext5                                    text5        00376
__ptext6                                    text6        00379
__ptext7                                    text7        00265
__ptext8                                    text8        0031D
__ptext9                                    text9        0036A
__size_of_ADC_GetConversion                 (abs)        00000
__size_of_ADC_Initialize                    (abs)        00000
__size_of_CMP1_GetOutputStatus              (abs)        00000
__size_of_CMP1_ISR                          (abs)        00000
__size_of_CMP1_Initialize                   (abs)        00000
__size_of_DAC1_Initialize                   (abs)        00000
__size_of_DAC1_SetOutput                    (abs)        00000
__size_of_DSM_Initialize                    (abs)        00000
__size_of_DSM_ManualModulationClear         (abs)        00000
__size_of_DSM_ManualModulationSet           (abs)        00000
__size_of_FVR_Initialize                    (abs)        00000
__size_of_FVR_IsOutputReady                 (abs)        00000
__size_of_INTERRUPT_InterruptManager        (abs)        00000
__size_of_IOCAF3_DefaultInterruptHandler    (abs)        00000
__size_of_IOCAF3_ISR                        (abs)        00000
__size_of_IOCAF3_SetInterruptHandler        (abs)        00000
__size_of_NCO1_Initialize                   (abs)        00000
__size_of_OSCILLATOR_Initialize             (abs)        00000
__size_of_PIN_MANAGER_IOC                   (abs)        00000
__size_of_PIN_MANAGER_Initialize            (abs)        00000
__size_of_PMD_Initialize                    (abs)        00000
__size_of_SYSTEM_Initialize                 (abs)        00000
__size_of_WDT_Initialize                    (abs)        00000
__size_of___wmul                            (abs)        00000
__size_of_main                              (abs)        00000
__size_of_playMelody                        (abs)        00000
__size_of_playMelody_pc98_pipo              (abs)        00000
__size_of_toneOn                            (abs)        00000
__size_of_wait_note                         (abs)        00000
_main                                       maintext     0002A
_melodyData_halt                            stringtext6  002E9
_melodyData_lowBatt                         stringtext4  0024A
_melodyData_sleep                           stringtext5  002C6
_playMelody                                 text2        001A6
_playMelody_pc98_pipo                       text1        0020D
_probe                                      bssBANK0     0002E
_toneOn                                     text3        000FD
_wait_note                                  text4        002D8
btemp                                       (abs)        0007E
end_of_initialization                       cinit        00027
int$flags                                   (abs)        0007E
intlevel0                                   functab      00000
intlevel1                                   functab      00000
intlevel2                                   functab      00000
intlevel3                                   functab      00000
intlevel4                                   functab      00000
intlevel5                                   functab      00000
playMelody@i                                cstackBANK0  0002C
playMelody@len                              cstackBANK0  00028
playMelody@melody                           cstackBANK0  00026
reset_vec                                   reset_vec    00000
stackhi                                     (abs)        020EF
stacklo                                     (abs)        02014
start                                       init         0001F
start_initialization                        cinit        00020
toneOn@len                                  cstackCOMMON 00077
toneOn@scale_param16                        stringtext2  00280
toneOn@t                                    cstackCOMMON 00079
wait_note@len                               cstackCOMMON 00071
wtemp0                                      (abs)        0007E


FUNCTION INFORMATION:

 *************** function _main *****************
 Defined at:
		line 79 in file "main.c"
 Parameters:    Size  Location     Type
		None
 Auto vars:     Size  Location     Type
		None
 Return value:  Size  Location     Type
                  1    wreg      void 
 Registers used:
		wreg, fsr0l, fsr0h, status,2, status,0, pclath, cstack
 Tracked objects:
		On entry : 
		On exit  : 
		Unchanged: 
 Data sizes:     COMMON   BANK0   BANK1   BANK2
      Params:         0       0       0       0
      Locals:         0       0       0       0
      Temps:          0       0       0       0
      Totals:         0       0       0       0
Total ram usage:        0 bytes
 Hardware stack levels required when called:    7
 This function calls:
		_ADC_GetConversion
		_CMP1_GetOutputStatus
		_DAC1_SetOutput
		_DSM_ManualModulationClear
		_FVR_IsOutputReady
		_SYSTEM_Initialize
		_playMelody
		_playMelody_pc98_pipo
		_toneOn
 This function is called by:
		Startup code after reset
 This function uses a non-reentrant model


 *************** function _playMelody_pc98_pipo *****************
 Defined at:
		line 56 in file "nco_melody.c"
 Parameters:    Size  Location     Type
		None
 Auto vars:     Size  Location     Type
		None
 Return value:  Size  Location     Type
                  1    wreg      void 
 Registers used:
		wreg, status,2, status,0, pclath, cstack
 Tracked objects:
		On entry : 
		On exit  : 
		Unchanged: 
 Data sizes:     COMMON   BANK0   BANK1   BANK2
      Params:         0       0       0       0
      Locals:         0       0       0       0
      Temps:          0       0       0       0
      Totals:         0       0       0       0
Total ram usage:        0 bytes
 Hardware stack levels used:    1
 Hardware stack levels required when called:    5
 This function calls:
		_DSM_ManualModulationClear
		_DSM_ManualModulationSet
		_wait_note
 This function is called by:
		_main
 This function uses a non-reentrant model


 *************** function _playMelody *****************
 Defined at:
		line 43 in file "nco_melody.c"
 Parameters:    Size  Location     Type
  melody          2    6[BANK0 ] PTR const struct .
		 -> melodyData_sleep(18), melodyData_halt(15), melodyData_lowBatt(27), 
  len             2    8[BANK0 ] unsigned int 
 Auto vars:     Size  Location     Type
  i               2   12[BANK0 ] unsigned int 
 Return value:  Size  Location     Type
                  1    wreg      void 
 Registers used:
		wreg, fsr0l, fsr0h, status,2, status,0, pclath, cstack
 Tracked objects:
		On entry : 
		On exit  : 
		Unchanged: 
 Data sizes:     COMMON   BANK0   BANK1   BANK2
      Params:         0       4       0       0
      Locals:         0       2       0       0
      Temps:          0       2       0       0
      Totals:         0       8       0       0
Total ram usage:        8 bytes
 Hardware stack levels used:    1
 Hardware stack levels required when called:    6
 This function calls:
		_DSM_ManualModulationClear
		___wmul
		_toneOn
 This function is called by:
		_main
 This function uses a non-reentrant model


 *************** function _toneOn *****************
 Defined at:
		line 19 in file "nco_melody.c"
 Parameters:    Size  Location     Type
  t               1    wreg     enum E5384
  len             2    7[COMMON] enum E5366
 Auto vars:     Size  Location     Type
  t               1    9[COMMON] enum E5384
 Return value:  Size  Location     Type
                  1    wreg      void 
 Registers used:
		wreg, fsr0l, fsr0h, status,2, status,0, pclath, cstack
 Tracked objects:
		On entry : 
		On exit  : 
		Unchanged: 
 Data sizes:     COMMON   BANK0   BANK1   BANK2
      Params:         2       0       0       0
      Locals:         1       0       0       0
      Temps:          0       6       0       0
      Totals:         3       6       0       0
Total ram usage:        9 bytes
 Hardware stack levels used:    1
 Hardware stack levels required when called:    5
 This function calls:
		_DSM_ManualModulationClear
		_DSM_ManualModulationSet
		_wait_note
 This function is called by:
		_main
		_playMelody
		_playMelody_fullScale
 This function uses a non-reentrant model


 *************** function _wait_note *****************
 Defined at:
		line 12 in file "nco_melody.c"
 Parameters:    Size  Location     Type
  len             2    1[COMMON] enum E5366
 Auto vars:     Size  Location     Type
		None
 Return value:  Size  Location     Type
                  1    wreg      void 
 Registers used:
		wreg, status,2, status,0
 Tracked objects:
		On entry : 
		On exit  : 
		Unchanged: 
 Data sizes:     COMMON   BANK0   BANK1   BANK2
      Params:         2       0       0       0
      Locals:         0       0       0       0
      Temps:          2       0       0       0
      Totals:         4       0       0       0
Total ram usage:        4 bytes
 Hardware stack levels used:    1
 Hardware stack levels required when called:    4
 This function calls:
		Nothing
 This function is called by:
		_toneOn
		_playMelody_pc98_pipo
 This function uses a non-reentrant model


 *************** function _DSM_ManualModulationSet *****************
 Defined at:
		line 78 in file "mcc_generated_files/dsm.c"
 Parameters:    Size  Location     Type
		None
 Auto vars:     Size  Location     Type
		None
 Return value:  Size  Location     Type
                  1    wreg      void 
 Registers used:
		None
 Tracked objects:
		On entry : 
		On exit  : 
		Unchanged: 
 Data sizes:     COMMON   BANK0   BANK1   BANK2
      Params:         0       0       0       0
      Locals:         0       0       0       0
      Temps:          0       0       0       0
      Totals:         0       0       0       0
Total ram usage:        0 bytes
 Hardware stack levels used:    1
 Hardware stack levels required when called:    4
 This function calls:
		Nothing
 This function is called by:
		_toneOn
		_playMelody_pc98_pipo
 This function uses a non-reentrant model


 *************** function _DSM_ManualModulationClear *****************
 Defined at:
		line 84 in file "mcc_generated_files/dsm.c"
 Parameters:    Size  Location     Type
		None
 Auto vars:     Size  Location     Type
		None
 Return value:  Size  Location     Type
                  1    wreg      void 
 Registers used:
		None
 Tracked objects:
		On entry : 
		On exit  : 
		Unchanged: 
 Data sizes:     COMMON   BANK0   BANK1   BANK2
      Params:         0       0       0       0
      Locals:         0       0       0       0
      Temps:          0       0       0       0
      Totals:         0       0       0       0
Total ram usage:        0 bytes
 Hardware stack levels used:    1
 Hardware stack levels required when called:    4
 This function calls:
		Nothing
 This function is called by:
		_main
		_toneOn
		_playMelody
		_playMelody_pc98_pipo
 This function uses a non-reentrant model


 *************** function ___wmul *****************
 Defined at:
		line 15 in file "C:\Program Files (x86)\Microchip\xc8\v1.45\sources\common\Umul16.c"
 Parameters:    Size  Location     Type
  multiplier      2    1[COMMON] unsigned int 
  multiplicand    2    3[COMMON] unsigned int 
 Auto vars:     Size  Location     Type
  product         2    5[COMMON] unsigned int 
 Return value:  Size  Location     Type
                  2    1[COMMON] unsigned int 
 Registers used:
		wreg, status,2, status,0
 Tracked objects:
		On entry : 
		On exit  : 
		Unchanged: 
 Data sizes:     COMMON   BANK0   BANK1   BANK2
      Params:         4       0       0       0
      Locals:         2       0       0       0
      Temps:          0       0       0       0
      Totals:         6       0       0       0
Total ram usage:        6 bytes
 Hardware stack levels used:    1
 Hardware stack levels required when called:    4
 This function calls:
		Nothing
 This function is called by:
		_playMelody
 This function uses a non-reentrant model


 *************** function _SYSTEM_Initialize *****************
 Defined at:
		line 77 in file "mcc_generated_files/mcc.c"
 Parameters:    Size  Location     Type
		None
 Auto vars:     Size  Location     Type
		None
 Return value:  Size  Location     Type
                  1    wreg      void 
 Registers used:
		wreg, status,2, status,0, pclath, cstack
 Tracked objects:
		On entry : 
		On exit  : 
		Unchanged: 
 Data sizes:     COMMON   BANK0   BANK1   BANK2
      Params:         0       0       0       0
      Locals:         0       0       0       0
      Temps:          0       0       0       0
      Totals:         0       0       0       0
Total ram usage:        0 bytes
 Hardware stack levels used:    1
 Hardware stack levels required when called:    6
 This function calls:
		_ADC_Initialize
		_CMP1_Initialize
		_DAC1_Initialize
		_DSM_Initialize
		_FVR_Initialize
		_NCO1_Initialize
		_OSCILLATOR_Initialize
		_PIN_MANAGER_Initialize
		_PMD_Initialize
		_WDT_Initialize
 This function is called by:
		_main
 This function uses a non-reentrant model


 *************** function _WDT_Initialize *****************
 Defined at:
		line 106 in file "mcc_generated_files/mcc.c"
 Parameters:    Size  Location     Type
		None
 Auto vars:     Size  Location     Type
		None
 Return value:  Size  Location     Type
                  1    wreg      void 
 Registers used:
		wreg
 Tracked objects:
		On entry : 
		On exit  : 
		Unchanged: 
 Data sizes:     COMMON   BANK0   BANK1   BANK2
      Params:         0       0       0       0
      Locals:         0       0       0       0
      Temps:          0       0       0       0
      Totals:         0       0       0       0
Total ram usage:        0 bytes
 Hardware stack levels used:    1
 Hardware stack levels required when called:    4
 This function calls:
		Nothing
 This function is called by:
		_SYSTEM_Initialize
 This function uses a non-reentrant model


 *************** function _PMD_Initialize *****************
 Defined at:
		line 112 in file "mcc_generated_files/mcc.c"
 Parameters:    Size  Location     Type
		None
 Auto vars:     Size  Location     Type
		None
 Return value:  Size  Location     Type
                  1    wreg      void 
 Registers used:
		status,2
 Tracked objects:
		On entry : 
		On exit  : 
		Unchanged: 
 Data sizes:     COMMON   BANK0   BANK1   BANK2
      Params:         0       0       0       0
      Locals:         0       0       0       0
      Temps:          0       0       0       0
      Totals:         0       0       0       0
Total ram usage:        0 bytes
 Hardware stack levels used:    1
 Hardware stack levels required when called:    4
 This function calls:
		Nothing
 This function is called by:
		_SYSTEM_Initialize
 This function uses a non-reentrant model


 *************** function _PIN_MANAGER_Initialize *****************
 Defined at:
		line 54 in file "mcc_generated_files/pin_manager.c"
 Parameters:    Size  Location     Type
		None
 Auto vars:     Size  Location     Type
		None
 Return value:  Size  Location     Type
                  1    wreg      void 
 Registers used:
		wreg, status,2, status,0, pclath, cstack
 Tracked objects:
		On entry : 
		On exit  : 
		Unchanged: 
 Data sizes:     COMMON   BANK0   BANK1   BANK2
      Params:         0       0       0       0
      Locals:         0       0       0       0
      Temps:          0       0       0       0
      Totals:         0       0       0       0
Total ram usage:        0 bytes
 Hardware stack levels used:    1
 Hardware stack levels required when called:    5
 This function calls:
		_IOCAF3_SetInterruptHandler
 This function is called by:
		_SYSTEM_Initialize
 This function uses a non-reentrant model


 *************** function _IOCAF3_SetInterruptHandler *****************
 Defined at:
		line 132 in file "mcc_generated_files/pin_manager.c"
 Parameters:    Size  Location     Type
  InterruptHan    2    1[COMMON] PTR FTN()void 
		 -> IOCAF3_DefaultInterruptHandler(1), 
 Auto vars:     Size  Location     Type
		None
 Return value:  Size  Location     Type
                  1    wreg      void 
 Registers used:
		wreg
 Tracked objects:
		On entry : 
		On exit  : 
		Unchanged: 
 Data sizes:     COMMON   BANK0   BANK1   BANK2
      Params:         2       0       0       0
      Locals:         0       0       0       0
      Temps:          0       0       0       0
      Totals:         2       0       0       0
Total ram usage:        2 bytes
 Hardware stack levels used:    1
 Hardware stack levels required when called:    4
 This function calls:
		Nothing
 This function is called by:
		_PIN_MANAGER_Initialize
 This function uses a non-reentrant model


 *************** function _OSCILLATOR_Initialize *****************
 Defined at:
		line 92 in file "mcc_generated_files/mcc.c"
 Parameters:    Size  Location     Type
		None
 Auto vars:     Size  Location     Type
		None
 Return value:  Size  Location     Type
                  1    wreg      void 
 Registers used:
		wreg, status,2
 Tracked objects:
		On entry : 
		On exit  : 
		Unchanged: 
 Data sizes:     COMMON   BANK0   BANK1   BANK2
      Params:         0       0       0       0
      Locals:         0       0       0       0
      Temps:          0       0       0       0
      Totals:         0       0       0       0
Total ram usage:        0 bytes
 Hardware stack levels used:    1
 Hardware stack levels required when called:    4
 This function calls:
		Nothing
 This function is called by:
		_SYSTEM_Initialize
 This function uses a non-reentrant model


 *************** function _NCO1_Initialize *****************
 Defined at:
		line 57 in file "mcc_generated_files/nco1.c"
 Parameters:    Size  Location     Type
		None
 Auto vars:     Size  Location     Type
		None
 Return value:  Size  Location     Type
                  1    wreg      void 
 Registers used:
		wreg, status,2
 Tracked objects:
		On entry : 
		On exit  : 
		Unchanged: 
 Data sizes:     COMMON   BANK0   BANK1   BANK2
      Params:         0       0       0       0
      Locals:         0       0       0       0
      Temps:          0       0       0       0
      Totals:         0       0       0       0
Total ram usage:        0 bytes
 Hardware stack levels used:    1
 Hardware stack levels required when called:    4
 This function calls:
		Nothing
 This function is called by:
		_SYSTEM_Initialize
 This function uses a non-reentrant model


 *************** function _FVR_Initialize *****************
 Defined at:
		line 57 in file "mcc_generated_files/fvr.c"
 Parameters:    Size  Location     Type
		None
 Auto vars:     Size  Location     Type
		None
 Return value:  Size  Location     Type
                  1    wreg      void 
 Registers used:
		wreg
 Tracked objects:
		On entry : 
		On exit  : 
		Unchanged: 
 Data sizes:     COMMON   BANK0   BANK1   BANK2
      Params:         0       0       0       0
      Locals:         0       0       0       0
      Temps:          0       0       0       0
      Totals:         0       0       0       0
Total ram usage:        0 bytes
 Hardware stack levels used:    1
 Hardware stack levels required when called:    4
 This function calls:
		Nothing
 This function is called by:
		_SYSTEM_Initialize
 This function uses a non-reentrant model


 *************** function _DSM_Initialize *****************
 Defined at:
		line 57 in file "mcc_generated_files/dsm.c"
 Parameters:    Size  Location     Type
		None
 Auto vars:     Size  Location     Type
		None
 Return value:  Size  Location     Type
                  1    wreg      void 
 Registers used:
		wreg, status,2
 Tracked objects:
		On entry : 
		On exit  : 
		Unchanged: 
 Data sizes:     COMMON   BANK0   BANK1   BANK2
      Params:         0       0       0       0
      Locals:         0       0       0       0
      Temps:          0       0       0       0
      Totals:         0       0       0       0
Total ram usage:        0 bytes
 Hardware stack levels used:    1
 Hardware stack levels required when called:    4
 This function calls:
		Nothing
 This function is called by:
		_SYSTEM_Initialize
 This function uses a non-reentrant model


 *************** function _DAC1_Initialize *****************
 Defined at:
		line 57 in file "mcc_generated_files/dac1.c"
 Parameters:    Size  Location     Type
		None
 Auto vars:     Size  Location     Type
		None
 Return value:  Size  Location     Type
                  1    wreg      void 
 Registers used:
		wreg, status,2
 Tracked objects:
		On entry : 
		On exit  : 
		Unchanged: 
 Data sizes:     COMMON   BANK0   BANK1   BANK2
      Params:         0       0       0       0
      Locals:         0       0       0       0
      Temps:          0       0       0       0
      Totals:         0       0       0       0
Total ram usage:        0 bytes
 Hardware stack levels used:    1
 Hardware stack levels required when called:    4
 This function calls:
		Nothing
 This function is called by:
		_SYSTEM_Initialize
 This function uses a non-reentrant model


 *************** function _CMP1_Initialize *****************
 Defined at:
		line 57 in file "mcc_generated_files/cmp1.c"
 Parameters:    Size  Location     Type
		None
 Auto vars:     Size  Location     Type
		None
 Return value:  Size  Location     Type
                  1    wreg      void 
 Registers used:
		wreg
 Tracked objects:
		On entry : 
		On exit  : 
		Unchanged: 
 Data sizes:     COMMON   BANK0   BANK1   BANK2
      Params:         0       0       0       0
      Locals:         0       0       0       0
      Temps:          0       0       0       0
      Totals:         0       0       0       0
Total ram usage:        0 bytes
 Hardware stack levels used:    1
 Hardware stack levels required when called:    4
 This function calls:
		Nothing
 This function is called by:
		_SYSTEM_Initialize
 This function uses a non-reentrant model


 *************** function _ADC_Initialize *****************
 Defined at:
		line 64 in file "mcc_generated_files/adc.c"
 Parameters:    Size  Location     Type
		None
 Auto vars:     Size  Location     Type
		None
 Return value:  Size  Location     Type
                  1    wreg      void 
 Registers used:
		wreg, status,2
 Tracked objects:
		On entry : 
		On exit  : 
		Unchanged: 
 Data sizes:     COMMON   BANK0   BANK1   BANK2
      Params:         0       0       0       0
      Locals:         0       0       0       0
      Temps:          0       0       0       0
      Totals:         0       0       0       0
Total ram usage:        0 bytes
 Hardware stack levels used:    1
 Hardware stack levels required when called:    4
 This function calls:
		Nothing
 This function is called by:
		_SYSTEM_Initialize
 This function uses a non-reentrant model


 *************** function _FVR_IsOutputReady *****************
 Defined at:
		line 63 in file "mcc_generated_files/fvr.c"
 Parameters:    Size  Location     Type
		None
 Auto vars:     Size  Location     Type
		None
 Return value:  Size  Location     Type
                  1    wreg      unsigned char 
 Registers used:
		wreg, status,2, status,0
 Tracked objects:
		On entry : 
		On exit  : 
		Unchanged: 
 Data sizes:     COMMON   BANK0   BANK1   BANK2
      Params:         0       0       0       0
      Locals:         0       0       0       0
      Temps:          0       0       0       0
      Totals:         0       0       0       0
Total ram usage:        0 bytes
 Hardware stack levels used:    1
 Hardware stack levels required when called:    4
 This function calls:
		Nothing
 This function is called by:
		_main
 This function uses a non-reentrant model


 *************** function _DAC1_SetOutput *****************
 Defined at:
		line 65 in file "mcc_generated_files/dac1.c"
 Parameters:    Size  Location     Type
  inputData       1    wreg     unsigned char 
 Auto vars:     Size  Location     Type
  inputData       1    1[COMMON] unsigned char 
 Return value:  Size  Location     Type
                  1    wreg      void 
 Registers used:
		wreg
 Tracked objects:
		On entry : 
		On exit  : 
		Unchanged: 
 Data sizes:     COMMON   BANK0   BANK1   BANK2
      Params:         0       0       0       0
      Locals:         1       0       0       0
      Temps:          0       0       0       0
      Totals:         1       0       0       0
Total ram usage:        1 bytes
 Hardware stack levels used:    1
 Hardware stack levels required when called:    4
 This function calls:
		Nothing
 This function is called by:
		_main
 This function uses a non-reentrant model


 *************** function _CMP1_GetOutputStatus *****************
 Defined at:
		line 79 in file "mcc_generated_files/cmp1.c"
 Parameters:    Size  Location     Type
		None
 Auto vars:     Size  Location     Type
		None
 Return value:  Size  Location     Type
                  1    wreg      unsigned char 
 Registers used:
		wreg, status,2, status,0
 Tracked objects:
		On entry : 
		On exit  : 
		Unchanged: 
 Data sizes:     COMMON   BANK0   BANK1   BANK2
      Params:         0       0       0       0
      Locals:         0       0       0       0
      Temps:          0       0       0       0
      Totals:         0       0       0       0
Total ram usage:        0 bytes
 Hardware stack levels used:    1
 Hardware stack levels required when called:    4
 This function calls:
		Nothing
 This function is called by:
		_main
 This function uses a non-reentrant model


 *************** function _ADC_GetConversion *****************
 Defined at:
		line 112 in file "mcc_generated_files/adc.c"
 Parameters:    Size  Location     Type
  channel         1    wreg     enum E5277
 Auto vars:     Size  Location     Type
  channel         1    4[COMMON] enum E5277
 Return value:  Size  Location     Type
                  2    1[COMMON] unsigned int 
 Registers used:
		wreg, status,2, status,0
 Tracked objects:
		On entry : 
		On exit  : 
		Unchanged: 
 Data sizes:     COMMON   BANK0   BANK1   BANK2
      Params:         2       0       0       0
      Locals:         1       0       0       0
      Temps:          1       0       0       0
      Totals:         4       0       0       0
Total ram usage:        4 bytes
 Hardware stack levels used:    1
 Hardware stack levels required when called:    4
 This function calls:
		Nothing
 This function is called by:
		_main
 This function uses a non-reentrant model


 *************** function _INTERRUPT_InterruptManager *****************
 Defined at:
		line 51 in file "mcc_generated_files/interrupt_manager.c"
 Parameters:    Size  Location     Type
		None
 Auto vars:     Size  Location     Type
		None
 Return value:  Size  Location     Type
                  1    wreg      void 
 Registers used:
		wreg, status,2, status,0, pclath, cstack
 Tracked objects:
		On entry : 
		On exit  : 
		Unchanged: 
 Data sizes:     COMMON   BANK0   BANK1   BANK2
      Params:         0       0       0       0
      Locals:         0       0       0       0
      Temps:          1       0       0       0
      Totals:         1       0       0       0
Total ram usage:        1 bytes
 Hardware stack levels used:    1
 Hardware stack levels required when called:    3
 This function calls:
		_CMP1_ISR
		_PIN_MANAGER_IOC
 This function is called by:
		Interrupt level 1
 This function uses a non-reentrant model


 *************** function _PIN_MANAGER_IOC *****************
 Defined at:
		line 103 in file "mcc_generated_files/pin_manager.c"
 Parameters:    Size  Location     Type
		None
 Auto vars:     Size  Location     Type
		None
 Return value:  Size  Location     Type
                  1    wreg      void 
 Registers used:
		wreg, status,2, status,0, pclath, cstack
 Tracked objects:
		On entry : 
		On exit  : 
		Unchanged: 
 Data sizes:     COMMON   BANK0   BANK1   BANK2
      Params:         0       0       0       0
      Locals:         0       0       0       0
      Temps:          0       0       0       0
      Totals:         0       0       0       0
Total ram usage:        0 bytes
 Hardware stack levels used:    1
 Hardware stack levels required when called:    2
 This function calls:
		_IOCAF3_ISR
 This function is called by:
		_INTERRUPT_InterruptManager
 This function uses a non-reentrant model


 *************** function _IOCAF3_ISR *****************
 Defined at:
		line 117 in file "mcc_generated_files/pin_manager.c"
 Parameters:    Size  Location     Type
		None
 Auto vars:     Size  Location     Type
		None
 Return value:  Size  Location     Type
                  1    wreg      void 
 Registers used:
		wreg, status,2, status,0, pclath, cstack
 Tracked objects:
		On entry : 
		On exit  : 
		Unchanged: 
 Data sizes:     COMMON   BANK0   BANK1   BANK2
      Params:         0       0       0       0
      Locals:         0       0       0       0
      Temps:          0       0       0       0
      Totals:         0       0       0       0
Total ram usage:        0 bytes
 Hardware stack levels used:    1
 Hardware stack levels required when called:    1
 This function calls:
		Absolute function
		_IOCAF3_DefaultInterruptHandler
 This function is called by:
		_PIN_MANAGER_IOC
 This function uses a non-reentrant model


 *************** function _IOCAF3_DefaultInterruptHandler *****************
 Defined at:
		line 139 in file "mcc_generated_files/pin_manager.c"
 Parameters:    Size  Location     Type
		None
 Auto vars:     Size  Location     Type
		None
 Return value:  Size  Location     Type
                  1    wreg      void 
 Registers used:
		None
 Tracked objects:
		On entry : 
		On exit  : 
		Unchanged: 
 Data sizes:     COMMON   BANK0   BANK1   BANK2
      Params:         0       0       0       0
      Locals:         0       0       0       0
      Temps:          0       0       0       0
      Totals:         0       0       0       0
Total ram usage:        0 bytes
 Hardware stack levels used:    1
 This function calls:
		Nothing
 This function is called by:
		_PIN_MANAGER_Initialize
		_IOCAF3_ISR
 This function uses a non-reentrant model


 *************** function _CMP1_ISR *****************
 Defined at:
		line 84 in file "mcc_generated_files/cmp1.c"
 Parameters:    Size  Location     Type
		None
 Auto vars:     Size  Location     Type
		None
 Return value:  Size  Location     Type
                  1    wreg      void 
 Registers used:
		None
 Tracked objects:
		On entry : 
		On exit  : 
		Unchanged: 
 Data sizes:     COMMON   BANK0   BANK1   BANK2
      Params:         0       0       0       0
      Locals:         0       0       0       0
      Temps:          0       0       0       0
      Totals:         0       0       0       0
Total ram usage:        0 bytes
 Hardware stack levels used:    1
 This function calls:
		Nothing
 This function is called by:
		_INTERRUPT_InterruptManager
 This function uses a non-reentrant model



MODULE INFORMATION

Module		Function		Class		Link	Load	Size
mcc_generated_files/cmp1.c
		_CMP1_ISR      		CODE           	037C	0000	4
		_CMP1_Initialize		CODE           	0305	0000	13
		_CMP1_GetOutputStatus		CODE           	0372	0000	5

mcc_generated_files/cmp1.c estimated size: 22

mcc_generated_files/fvr.c
		_FVR_IsOutputReady		CODE           	0350	0000	7
		_FVR_Initialize		CODE           	036E	0000	5

mcc_generated_files/fvr.c estimated size: 12

mcc_generated_files/dsm.c
		_DSM_ManualModulationSet		CODE           	0376	0000	4
		_DSM_ManualModulationClear		CODE           	0379	0000	4
		_DSM_Initialize		CODE           	0342	0000	9

mcc_generated_files/dsm.c estimated size: 17

mcc_generated_files/interrupt_manager.c
		_INTERRUPT_InterruptManager		CODE           	0004	0000	28

mcc_generated_files/interrupt_manager.c estimated size: 28

C:\Program Files (x86)\Microchip\xc8\v1.45\sources\common\Umul16.c
		___wmul        		CODE           	0265	0000	28

C:\Program Files (x86)\Microchip\xc8\v1.45\sources\common\Umul16.c estimated size: 28

nco_melody.c
		_playMelody_pc98_pipo		CODE           	020D	0000	32
		_wait_note     		CODE           	02D8	0000	18
		_playMelody    		CODE           	01A6	0000	65
		_toneOn        		CODE           	00FD	0000	170

nco_melody.c estimated size: 285

mcc_generated_files/pin_manager.c
		_PIN_MANAGER_Initialize		CODE           	022C	0000	31
		_IOCAF3_SetInterruptHandler		CODE           	0356	0000	6
		_PIN_MANAGER_IOC		CODE           	0365	0000	6
		_IOCAF3_DefaultInterruptHandler		CODE           	037F	0000	2
		_IOCAF3_ISR    		CODE           	0311	0000	13

mcc_generated_files/pin_manager.c estimated size: 58

mcc_generated_files/nco1.c
		_NCO1_Initialize		CODE           	02F8	0000	14

mcc_generated_files/nco1.c estimated size: 14

mcc_generated_files/adc.c
		_ADC_Initialize		CODE           	0331	0000	10
		_ADC_GetConversion		CODE           	02B0	0000	23

mcc_generated_files/adc.c estimated size: 33

shared
		_melodyData_sleep		STRCODE        	02C6	0000	19
		__initialization		CODE           	0020	0000	8
		toneOn@scale_param16		STRCODE        	0280	0000	25
		_melodyData_halt		STRCODE        	02E9	0000	16
		_melodyData_test		STRCODE        	0000	0000	0
		_melodyData_lowBatt		STRCODE        	024A	0000	28
		_melodyData_charumera		STRCODE        	0000	0000	0

shared estimated size: 96

mcc_generated_files/mcc.c
		_WDT_Initialize		CODE           	036A	0000	5
		_PMD_Initialize		CODE           	033A	0000	9
		_OSCILLATOR_Initialize		CODE           	0328	0000	10
		_SYSTEM_Initialize		CODE           	031D	0000	12

mcc_generated_files/mcc.c estimated size: 36

mcc_generated_files/dac1.c
		_DAC1_SetOutput		CODE           	0360	0000	6
		_DAC1_Initialize		CODE           	035B	0000	6

mcc_generated_files/dac1.c estimated size: 12

main.c
		_main          		CODE           	002A	0000	212

main.c estimated size: 212

